<!DOCTYPE html>
<html lang="en">
<head>
	<meta charset="UTF-8">
	<title>Document</title>
	<link rel="stylesheet" type="text/css" href="css/main.css">
</head>
<body>
	<header>
		<div class="container">
			<div class="container clearfix">
				<img src="img/logo.png" alt="Golden" class="logo">
				<nav>
					<ul class="menu">
						<li>
							<a href="#">Home</a>
						</li>
						<li>
							<a href="#">Services</a>
						</li>
						<li>
							<a href="#">Portfolio</a>
						</li>
						<li>
							<a href="#">About</a>
						</li>
						<li>
							<a href="#">Contact</a>
						</li>
					</ul>
				</nav>	
			</div>
			<div class="titles">
				<div class="title_first">
					Welcome to our studio!
				</div>
				<h1>
					It's nice to meet tou
				</h1>
			</div>
			<a class="button" href="#">Tell Me More</a>
		</div>
	</header>
	<section id="service_bar">
		<div class="container">
			<div class="title">
				<h2>Services</h2>
				<p>Proin iacolis purus consequat sem cure.</p>
			</div>
			<div class="services clearfix">
				<div class="service_item i1">
					<img src="img/icon1.png" alt="Service">
					<h3>E-Commerce</h3>
					<p>Proin iaculis purus consequant sem cure digne ssim. Dinec porttitore entum suscipit aenean rhoncus posuere odio in tincidunt.</p>
				</div>
				<div class="service_item i2">
					<img src="img/icon2.png" alt="Service">
					<h3>Responsive Web</h3>
					<p>Proin iaculis purus consequant sem cure digne ssim. Dinec porttitore entum suscipit aenean rhoncus posuere odio in tincidunt.</p>
				</div>
				<div class="service_item i3">
					<img src="img/icon3.png" alt="Service">
					<h3>Web Security</h3>
					<p>Proin iaculis purus consequant sem cure digne ssim. Dinec porttitore entum suscipit aenean rhoncus posuere odio in tincidunt.</p>
				</div>
			</div>
		</div>		
	</section>

	<section id="portfolio">
		<div class="container">
			<div class="title">
				<h2>Our portfolio</h2>
				<p>Proin iaculis purus consequat sem cure.</p>
			</div>
			<div class="images clearfix">
				<img src="img/img1.jpg" alt="Image" class="portfolio_img">
				<img src="img/img2.jpg" alt="Image" class="portfolio_img">
				<img src="img/img3.jpg" alt="Image" class="portfolio_img">
			</div>
		</div>		
	</section>

	<section class="about">
		<div class="container">
			<div class="title">
				<h2>About Us</h2>
				<p>Proin iaculis purus consequat sem cure.</p>
			</div>

			<div class="about_item left">
				<div class="title_item item_left">
					<h3 id="about_title_1">Jully 2010</h3>
					<h3 id="about_title_2">Our Huble Beginnings</h3>
					<p>Proin iaculis purus consequant sem cure<br>
						digne ssim. Dinec porttitore entum suscipit<br>
						aenean rhoncus posuere odio in tincidunt.Proin<br>
						iaculis purus consequant sem cure<br>
						digne ssim. Dinec porttitore entum suscipit<br>
					aenean rhoncus posuere odio in tincidunt.</p>
				</div>
				<img src="img/about1.jpg" alt="" class="about_images">
			</div>


			<div class="about_item right">
				<img src="img/about2.jpg" alt="" class="about_images">
				<div class="title_item item_right">
					<h3 id="about_title_1">January 2011</h3>
					<h3 id="about_title_2">Facing Startup Battles</h3>
					<p>Proin iaculis purus consequant sem cure<br>
						digne ssim. Dinec porttitore entum suscipit<br>
						aenean rhoncus posuere odio in tincidunt.Proin<br>
						iaculis purus consequant sem cure<br>
						digne ssim. Dinec porttitore entum suscipit<br>
					aenean rhoncus posuere odio in tincidunt.</p>
				</div>
			</div>


			<div class="about_item left">
				<div class="title_item item_left">
					<h3 id="about_title_1">Decrmber 2012</h3>
					<h3 id="about_title_2">Enter The Dark Days</h3>
					<p>Proin iaculis purus consequant sem cure<br>
						digne ssim. Dinec porttitore entum suscipit<br>
						aenean rhoncus posuere odio in tincidunt.Proin<br>
						iaculis purus consequant sem cure<br>
						digne ssim. Dinec porttitore entum suscipit<br>
					aenean rhoncus posuere odio in tincidunt.</p>
				</div>
				<img src="img/about3.jpg" alt="" class="about_images">
			</div>
			

			<div class="about_item right">
				<img src="img/about4.jpg" alt="" class="about_images">
				<div class="title_item item_right">
					<h3 id="about_title_1">February 2014</h3>
					<h3 id="about_title_2">Our Triumph</h3>
					<p>Proin iaculis purus consequant sem cure<br>
						digne ssim. Dinec porttitore entum suscipit<br>
						aenean rhoncus posuere odio in tincidunt.Proin<br>
						iaculis purus consequant sem cure<br>
						digne ssim. Dinec porttitore entum suscipit<br>
					aenean rhoncus posuere odio in tincidunt.</p>
				</div>


		</div>		
	</section>
	<footer class="footer">
		<p>Â© Copyright 2019 FreebiesXpress.com</p>
	</footer>
</body>
</html>